Component: ARM Compiler 5.05 update 2 (build 169) Tool: armlink [4d0f33]

==============================================================================

Section Cross References

    queue.o(MyCode) refers to start.o(Start) for Startup
    queue.o(MyCode) refers to queue.o(MyData) for QueueRecord
    queue.o(RESET) refers to start.o(.ARM.__at_0x1FFFE000) for __initial_sp
    queue.o(RESET) refers to queue.o(MyCode) for Reset_Handler
    queue.o(RESET) refers to start.o(Start) for Dummy_Handler


==============================================================================

Removing Unused input sections from the image.

    Removing queue.o(MyConst), (48 bytes).

1 unused section(s) (total 48 bytes) removed from the image.

==============================================================================

Image Symbol Table

    Local Symbols

    Symbol Name                              Value     Ov Type        Size  Object(Section)

    RESET                                    0x00000000   Section      192  queue.o(RESET)
    MKL46Z4.s                                0x00000000   Number         0  mkl46z4.o ABSOLUTE
    Queue.s                                  0x00000000   Number         0  queue.o ABSOLUTE
    Start.s                                  0x00000000   Number         0  start.o ABSOLUTE
    .ARM.__at_0xC0                           0x000000c0   Section       64  start.o(.ARM.__at_0xC0)
    MyCode                                   0x00000100   Section      620  queue.o(MyCode)
    .ARM.__at_0x400                          0x00000400   Section       16  start.o(.ARM.__at_0x400)
    Start                                    0x00000410   Section      260  start.o(Start)
    .ARM.__at_0x1FFFE000                     0x1fffe000   Section      256  start.o(.ARM.__at_0x1FFFE000)
    MyData                                   0x1fffe100   Section      100  queue.o(MyData)
    Queue                                    0x1fffe100   Data          80  queue.o(MyData)
    QueueRecord                              0x1fffe150   Data          18  queue.o(MyData)

    Global Symbols

    Symbol Name                              Value     Ov Type        Size  Object(Section)

    BuildAttributes$$THM_ISAv3M$S$PE$A:L22$X:L11$S22$IEEE1$IW$USESV6$~STKCKD$USESV7$~SHL$OSPACE$EBA8$STANDARDLIB$EABIv2 0x00000000   Number         0  anon$$obj.o ABSOLUTE
    __Vectors                                0x00000000   Data           0  queue.o(RESET)
    __Vectors_End                            0x000000c0   Data           0  queue.o(RESET)
    __Vectors_Size                           0x000000c0   Number         0  queue.o ABSOLUTE
    Reset_Handler                            0x00000101   Thumb Code     0  queue.o(MyCode)
    Startup                                  0x00000411   Thumb Code     0  start.o(Start)
    Dummy_Handler                            0x000004f1   Thumb Code     0  start.o(Start)
    __initial_sp                             0x1fffe100   Data           0  start.o(.ARM.__at_0x1FFFE000)



==============================================================================

Memory Map of the image

  Image Entry point : 0x00000101

  Load Region LR_IROM1 (Base: 0x00000000, Size: 0x00000678, Max: 0x00040000, ABSOLUTE)

    Execution Region ER_IROM1 (Base: 0x00000000, Size: 0x00000514, Max: 0x00040000, ABSOLUTE)

    Base Addr    Size         Type   Attr      Idx    E Section Name        Object

    0x00000000   0x000000c0   Data   RO            2    RESET               queue.o
    0x000000c0   0x00000040   Data   RO           10    .ARM.__at_0xC0      start.o
    0x00000100   0x0000026c   Code   RO            1  * MyCode              queue.o
    0x0000036c   0x00000094   PAD
    0x00000400   0x00000010   Code   RO           11    .ARM.__at_0x400     start.o
    0x00000410   0x00000104   Code   RO            9    Start               start.o


    Execution Region RW_IRAM1 (Base: 0x1fffe000, Size: 0x00000164, Max: 0x00008000, ABSOLUTE)

    Base Addr    Size         Type   Attr      Idx    E Section Name        Object

    0x1fffe000   0x00000100   Data   RW           12    .ARM.__at_0x1FFFE000  start.o
    0x1fffe100   0x00000064   Data   RW            4    MyData              queue.o


==============================================================================

Image component sizes


      Code (inc. data)   RO Data    RW Data    ZI Data      Debug   Object Name

       620         62        192        100          0        528   queue.o
       276         50         64        256          0        516   start.o

    ----------------------------------------------------------------------
      1044        260        256        356          0       1044   Object Totals
         0          0          0          0          0          0   (incl. Generated)
       148        148          0          0          0          0   (incl. Padding)

    ----------------------------------------------------------------------
         0          0          0          0          0          0   Library Totals
         0          0          0          0          0          0   (incl. Padding)

    ----------------------------------------------------------------------

==============================================================================


      Code (inc. data)   RO Data    RW Data    ZI Data      Debug   

      1044        260        256        356          0       1044   Grand Totals
      1044        260        256        356          0       1044   ELF Image Totals
      1044        260        256        356          0          0   ROM Totals

==============================================================================

    Total RO  Size (Code + RO Data)                 1300 (   1.27kB)
    Total RW  Size (RW Data + ZI Data)               356 (   0.35kB)
    Total ROM Size (Code + RO Data + RW Data)       1656 (   1.62kB)

==============================================================================

