Component: ARM Compiler 5.06 (build 20) Tool: armlink [4d35a3]

==============================================================================

Section Cross References

    queue.o(MyCode) refers to start.o(Start) for Startup
    queue.o(MyCode) refers to queue.o(MyData) for QueueBuffer
    queue.o(RESET) refers to start.o(.ARM.__at_0x1FFFE000) for __initial_sp
    queue.o(RESET) refers to queue.o(MyCode) for Reset_Handler
    queue.o(RESET) refers to start.o(Start) for Dummy_Handler


==============================================================================

Removing Unused input sections from the image.

    Removing queue.o(MyConst), (48 bytes).

1 unused section(s) (total 48 bytes) removed from the image.

==============================================================================

Image Symbol Table

    Local Symbols

    Symbol Name                              Value     Ov Type        Size  Object(Section)

    RESET                                    0x00000000   Section      192  queue.o(RESET)
    MKL46Z4.s                                0x00000000   Number         0  mkl46z4.o ABSOLUTE
    Queue.s                                  0x00000000   Number         0  queue.o ABSOLUTE
    Start.s                                  0x00000000   Number         0  start.o ABSOLUTE
    .ARM.__at_0xC0                           0x000000c0   Section       64  start.o(.ARM.__at_0xC0)
    MyCode                                   0x00000100   Section      612  queue.o(MyCode)
    .ARM.__at_0x400                          0x00000400   Section       16  start.o(.ARM.__at_0x400)
    Start                                    0x00000410   Section      260  start.o(Start)
    .ARM.__at_0x1FFFE000                     0x1fffe000   Section      256  start.o(.ARM.__at_0x1FFFE000)
    MyData                                   0x1fffe100   Section       68  queue.o(MyData)
    Queue                                    0x1fffe100   Data          50  queue.o(MyData)
    QueueBuffer                              0x1fffe132   Data          17  queue.o(MyData)

    Global Symbols

    Symbol Name                              Value     Ov Type        Size  Object(Section)

    BuildAttributes$$THM_ISAv3M$S$PE$A:L22$X:L11$S22$IEEE1$IW$USESV6$~STKCKD$USESV7$~SHL$OSPACE$EBA8$STANDARDLIB$EABIv2 0x00000000   Number         0  anon$$obj.o ABSOLUTE
    __Vectors                                0x00000000   Data           0  queue.o(RESET)
    __Vectors_End                            0x000000c0   Data           0  queue.o(RESET)
    __Vectors_Size                           0x000000c0   Number         0  queue.o ABSOLUTE
    Reset_Handler                            0x00000101   Thumb Code     0  queue.o(MyCode)
    Startup                                  0x00000411   Thumb Code     0  start.o(Start)
    Dummy_Handler                            0x000004f1   Thumb Code     0  start.o(Start)
    __initial_sp                             0x1fffe100   Data           0  start.o(.ARM.__at_0x1FFFE000)



==============================================================================

Memory Map of the image

  Image Entry point : 0x00000101

  Load Region LR_1 (Base: 0x00000000, Size: 0x00000658, Max: 0xffffffff, ABSOLUTE)

    Execution Region ER_RO (Base: 0x00000000, Size: 0x00000514, Max: 0xffffffff, ABSOLUTE)

    Base Addr    Size         Type   Attr      Idx    E Section Name        Object

    0x00000000   0x000000c0   Data   RO           12    RESET               queue.o
    0x000000c0   0x00000040   Data   RO            2    .ARM.__at_0xC0      start.o
    0x00000100   0x00000264   Code   RO           11  * MyCode              queue.o
    0x00000364   0x0000009c   PAD
    0x00000400   0x00000010   Code   RO            3    .ARM.__at_0x400     start.o
    0x00000410   0x00000104   Code   RO            1    Start               start.o


    Execution Region ER_RW (Base: 0x1fffe000, Size: 0x00000144, Max: 0xffffffff, ABSOLUTE)

    Base Addr    Size         Type   Attr      Idx    E Section Name        Object

    0x1fffe000   0x00000100   Data   RW            4    .ARM.__at_0x1FFFE000  start.o
    0x1fffe100   0x00000044   Data   RW           14    MyData              queue.o


    Execution Region ER_ZI (Base: 0x1fffe144, Size: 0x00000000, Max: 0xffffffff, ABSOLUTE)

    **** No section assigned to this execution region ****


==============================================================================

Image component sizes


      Code (inc. data)   RO Data    RW Data    ZI Data      Debug   Object Name

       612         80        192         68          0        472   queue.o
       276         50         64        256          0        532   start.o

    ----------------------------------------------------------------------
      1044        286        256        324          0       1004   Object Totals
         0          0          0          0          0          0   (incl. Generated)
       156        156          0          0          0          0   (incl. Padding)

    ----------------------------------------------------------------------
         0          0          0          0          0          0   Library Totals
         0          0          0          0          0          0   (incl. Padding)

    ----------------------------------------------------------------------

==============================================================================


      Code (inc. data)   RO Data    RW Data    ZI Data      Debug   

      1044        286        256        324          0       1004   Grand Totals
      1044        286        256        324          0       1004   ELF Image Totals
      1044        286        256        324          0          0   ROM Totals

==============================================================================

    Total RO  Size (Code + RO Data)                 1300 (   1.27kB)
    Total RW  Size (RW Data + ZI Data)               324 (   0.32kB)
    Total ROM Size (Code + RO Data + RW Data)       1624 (   1.59kB)

==============================================================================

