Component: ARM Compiler 5.06 (build 20) Tool: armlink [4d35a3]

==============================================================================

Section Cross References

    exercise04.o(RESET) refers to exercise04.o(.ARM.__at_0x1FFFE000) for __initial_sp
    exercise04.o(RESET) refers to exercise04.o(MyCode) for Reset_Handler


==============================================================================

Removing Unused input sections from the image.

    Removing exercise04.o(MyConst), (0 bytes).
    Removing exercise04.o(MyData), (0 bytes).

2 unused section(s) (total 0 bytes) removed from the image.

==============================================================================

Image Symbol Table

    Local Symbols

    Symbol Name                              Value     Ov Type        Size  Object(Section)

    RESET                                    0x00000000   Section      192  exercise04.o(RESET)
    Exercise04.s                             0x00000000   Number         0  exercise04.o ABSOLUTE
    MyCode                                   0x000000c0   Section       84  exercise04.o(MyCode)
    .ARM.__at_0x1FFFE000                     0x1fffe000   Section      256  exercise04.o(.ARM.__at_0x1FFFE000)

    Global Symbols

    Symbol Name                              Value     Ov Type        Size  Object(Section)

    BuildAttributes$$THM_ISAv3M$S$PE$A:L22$X:L11$S22$IEEE1$IW$USESV6$~STKCKD$USESV7$~SHL$OSPACE$EBA8$STANDARDLIB$PRES8$EABIv2 0x00000000   Number         0  anon$$obj.o ABSOLUTE
    __Vectors                                0x00000000   Data           0  exercise04.o(RESET)
    Reset_Handler                            0x000000c1   Thumb Code     0  exercise04.o(MyCode)
    __Vectors_End                            0x000000c0   Data           0  exercise04.o(RESET)
    __Vectors_Size                           0x000000c0   Number         0  exercise04.o ABSOLUTE
    __initial_sp                             0x1fffe100   Data           0  exercise04.o(.ARM.__at_0x1FFFE000)



==============================================================================

Memory Map of the image

  Image Entry point : 0x000000c1

  Load Region LR_1 (Base: 0x00000000, Size: 0x00000214, Max: 0xffffffff, ABSOLUTE)

    Execution Region ER_RO (Base: 0x00000000, Size: 0x00000114, Max: 0xffffffff, ABSOLUTE)

    Base Addr    Size         Type   Attr      Idx    E Section Name        Object

    0x00000000   0x000000c0   Data   RO            2    RESET               exercise04.o
    0x000000c0   0x00000054   Code   RO            1  * MyCode              exercise04.o


    Execution Region ER_RW (Base: 0x1fffe000, Size: 0x00000100, Max: 0xffffffff, ABSOLUTE)

    Base Addr    Size         Type   Attr      Idx    E Section Name        Object

    0x1fffe000   0x00000100   Data   RW            4    .ARM.__at_0x1FFFE000  exercise04.o


    Execution Region ER_ZI (Base: 0x1fffe100, Size: 0x00000000, Max: 0xffffffff, ABSOLUTE)

    **** No section assigned to this execution region ****


==============================================================================

Image component sizes


      Code (inc. data)   RO Data    RW Data    ZI Data      Debug   Object Name

        84          0        192        256          0        276   exercise04.o

    ----------------------------------------------------------------------
        84          0        192        256          0        276   Object Totals
         0          0          0          0          0          0   (incl. Generated)
         0          0          0          0          0          0   (incl. Padding)

    ----------------------------------------------------------------------
         0          0          0          0          0          0   Library Totals
         0          0          0          0          0          0   (incl. Padding)

    ----------------------------------------------------------------------

==============================================================================


      Code (inc. data)   RO Data    RW Data    ZI Data      Debug   

        84          0        192        256          0        276   Grand Totals
        84          0        192        256          0        276   ELF Image Totals
        84          0        192        256          0          0   ROM Totals

==============================================================================

    Total RO  Size (Code + RO Data)                  276 (   0.27kB)
    Total RW  Size (RW Data + ZI Data)               256 (   0.25kB)
    Total ROM Size (Code + RO Data + RW Data)        532 (   0.52kB)

==============================================================================

