Component: ARM Compiler 5.06 (build 20) Tool: armlink [4d35a3]

==============================================================================

Section Cross References

    exercise04.o(MyCode) refers to exercise04.o(.ARM.__at_0x4000) for InitData
    exercise04.o(MyCode) refers to exercise04.o(MyData) for Q
    exercise04.o(.ARM.__at_0x4000) refers to exercise04.o(MyData) for P
    exercise04.o(RESET) refers to exercise04.o(.ARM.__at_0x1FFFE000) for __initial_sp
    exercise04.o(RESET) refers to exercise04.o(MyCode) for Reset_Handler


==============================================================================

Removing Unused input sections from the image.

    Removing exercise04.o(MyConst), (0 bytes).

1 unused section(s) (total 0 bytes) removed from the image.

==============================================================================

Image Symbol Table

    Local Symbols

    Symbol Name                              Value     Ov Type        Size  Object(Section)

    RESET                                    0x00000000   Section      192  exercise04.o(RESET)
    Exercise04.s                             0x00000000   Number         0  exercise04.o ABSOLUTE
    MyCode                                   0x000000c0   Section      124  exercise04.o(MyCode)
    .ARM.__at_0x4000                         0x00004000   Section      420  exercise04.o(.ARM.__at_0x4000)
    InitData                                 0x00004001   Thumb Code     4  exercise04.o(.ARM.__at_0x4000)
    LoadData                                 0x00004007   Thumb Code     4  exercise04.o(.ARM.__at_0x4000)
    TestData                                 0x0000402d   Thumb Code     4  exercise04.o(.ARM.__at_0x4000)
    .ARM.__at_0x1FFFE000                     0x1fffe000   Section      256  exercise04.o(.ARM.__at_0x1FFFE000)
    MyData                                   0x1fffe100   Section      208  exercise04.o(MyData)
    P                                        0x1fffe100   Data           4  exercise04.o(MyData)
    Q                                        0x1fffe104   Data           4  exercise04.o(MyData)
    Results                                  0x1fffe108   Data         200  exercise04.o(MyData)

    Global Symbols

    Symbol Name                              Value     Ov Type        Size  Object(Section)

    BuildAttributes$$THM_ISAv3M$S$PE$A:L22$X:L11$S22$IEEE1$IW$USESV6$~STKCKD$USESV7$~SHL$OSPACE$EBA8$STANDARDLIB$PRES8$EABIv2 0x00000000   Number         0  anon$$obj.o ABSOLUTE
    __Vectors                                0x00000000   Data           0  exercise04.o(RESET)
    Reset_Handler                            0x000000c1   Thumb Code     0  exercise04.o(MyCode)
    __Vectors_End                            0x000000c0   Data           0  exercise04.o(RESET)
    __Vectors_Size                           0x000000c0   Number         0  exercise04.o ABSOLUTE
    __initial_sp                             0x1fffe100   Data           0  exercise04.o(.ARM.__at_0x1FFFE000)



==============================================================================

Memory Map of the image

  Image Entry point : 0x000000c1

  Load Region LR_1 (Base: 0x00000000, Size: 0x0000030c, Max: 0xffffffff, ABSOLUTE)

    Execution Region ER_RO (Base: 0x00000000, Size: 0x0000013c, Max: 0xffffffff, ABSOLUTE)

    Base Addr    Size         Type   Attr      Idx    E Section Name        Object

    0x00000000   0x000000c0   Data   RO            3    RESET               exercise04.o
    0x000000c0   0x0000007c   Code   RO            1  * MyCode              exercise04.o


    Execution Region ER_RW (Base: 0x1fffe000, Size: 0x000001d0, Max: 0xffffffff, ABSOLUTE)

    Base Addr    Size         Type   Attr      Idx    E Section Name        Object

    0x1fffe000   0x00000100   Data   RW            5    .ARM.__at_0x1FFFE000  exercise04.o
    0x1fffe100   0x000000d0   Data   RW            6    MyData              exercise04.o


    Execution Region ER_ZI (Base: 0x1fffe1d0, Size: 0x00000000, Max: 0xffffffff, ABSOLUTE)

    **** No section assigned to this execution region ****



  Load Region LR$$.ARM.__at_0x4000 (Base: 0x00004000, Size: 0x000001a4, Max: 0x000001a4, ABSOLUTE)

    Execution Region ER$$.ARM.__at_0x4000 (Base: 0x00004000, Size: 0x000001a4, Max: 0x000001a4, ABSOLUTE, UNINIT)

    Base Addr    Size         Type   Attr      Idx    E Section Name        Object

    0x00004000   0x000001a4   Code   RO            2    .ARM.__at_0x4000    exercise04.o


==============================================================================

Image component sizes


      Code (inc. data)   RO Data    RW Data    ZI Data      Debug   Object Name

       544        350        192        464          0        520   exercise04.o

    ----------------------------------------------------------------------
       544        350        192        464          0        520   Object Totals
         0          0          0          0          0          0   (incl. Generated)
         0          0          0          0          0          0   (incl. Padding)

    ----------------------------------------------------------------------
         0          0          0          0          0          0   Library Totals
         0          0          0          0          0          0   (incl. Padding)

    ----------------------------------------------------------------------

==============================================================================


      Code (inc. data)   RO Data    RW Data    ZI Data      Debug   

       544        350        192        464          0        520   Grand Totals
       544        350        192        464          0        520   ELF Image Totals
       544        350        192        464          0          0   ROM Totals

==============================================================================

    Total RO  Size (Code + RO Data)                  736 (   0.72kB)
    Total RW  Size (RW Data + ZI Data)               464 (   0.45kB)
    Total ROM Size (Code + RO Data + RW Data)       1200 (   1.17kB)

==============================================================================

